                                                          ➆➇➂ ➍➈➂➅➄❿➂➎➄➅➏➐
           ➁❾❿➀➂➃ ❿➄➅ ➆➇➂ ➃➀➈➅➆➀➅ ➉ ❿➃ ➂➊➅ ➋➈➀➂➈➇➆❿➄➌ ➈➃➑❿➄➂➈➆ ➒➏ ❾➈➃➀➊➅➄
                    ✍✎✏✑✒✓✔ ✶
                    ❈ ✁✂✄☎✆✝ ✞✁✆☎✟✄✠✡☛
                    ✆✡❞ ✥☞✌✆✟✄✠✡☛

✕♦✖✗✘    ✦✢✚✖✇✙✚✛✜✢✚✣♦✤ ♦✦✘✖✧✗✘✜★✩✜✘♦✖✗♦✣✙✩✘✤✪ ✤✘✣✚✩✖✙✜✢✘✖✫✦✢✩✜✢✩✬✬✚✖✗
                                  ✵✴ ✷✸✸♠ ✴✲✯♠✹✲✷✵✴✺✷✲
    ✭✭ ✵✼♠✮✯✰✮✷✸✼✮✱ ✯✲✴✵✳✴❛✵✿✹✵✼✿✼✵✮                  ✮✱ ✯✲ ✳ ✴    ✻✺✷✮✼✽✴✸✱✺♠♠✲✷✱✾
                                                                ✲❀✹✸✱✲✻      ❁✺♠✮✻ ✵✴♠✸✱✹❁✲✷✲✾
     ✭✭ ✽✷✵✹✲✱              ✽✲✴   ✳✲✷♠✲✼✴      ✲ ✻✾
                     ✮✽✲✴✱✱ ❢✸✸✰✲✻✾
      ✭✭ ✳✳❛✲✸✸✸✻✸✻✷✲✱✹✮     ✷✲✾✻✮✽✲✱✴✲✻ ✮✼ ✸✺✷ ❂✸✻❃✾
       ✩✤✤ ✜✢✚ ✩❄♦❅✚ ✗✘✜★✩✜✘♦✖✗❆ ✜✢✚ ✖✩✜★✛✚ ✩✖✙ ✛✜✢✚✚✩✙✪✤✘✙✚✚✖✜✘✩✛✖✜✩❄♦★✜✬✢✪✗✘
■✖✗★❄✗✜✩✖s✚✢✩❅✚✗♦❇✚✦✢✩✜s✢✩✖✧✚✙❉❊✚✢✩❅✚✩✤                                               ✜✪ ♦✣ ✜✢✚ ✘✖✘✜s✘✩✩✤✤
✩✖✙s✢✚❇✘            s✩✤s✢✩✖✧✚✗♦✣❇✩✜✜✚✛✘✖ ♦★✛✬✛✚❅✘s✩✤✛✚✩s✜✘
s✢✩✖✧✚♦ss★✛✗❆✦✚s✩✖✗✩✪✜✢✩✜✩s✢✚❇✘                                      ♦★✗s✤✩✗✗✚✗❉❊✢✚✖✚❅✚✛✩s✢✚❇✘
                                                                               ♦✖✢✩✗✜✩✫✚✖✬✤    ✩ s✚❉ s✩✤
s✢✚❇✘   ❨♦★❇✩✪
             s ✩✤✛✚✩s✜✘♦✖❉❝♦✦✬✚✛✢✩✬✗❄✚✙♦✦✚         ✦♦✖✙✚✛✘s♦❇✚✜♦✫✖♦✦✜✢✩✜
                                                               ✖✧ ✩✗✜♦✦✢✩✜ ✘✗ ✩s✜★✩✤
                                                                                 ✩ s✢✚❇✘✤✪ s❇✚✩✖✜
                                                                                            ✩✤     ❄✪✩♦✖
                                                                                               ✛✚✩s✜✘
✢✩✗✜✩✫✚✖ ✬✤♦✩✖✗❉s✚❤ ❋✚✜ ★✗ ✬✚✛✣♦✛❇ ✗♦❇✚✩s✜✘❅✘✜✘✚✗✜♦✣✘✖✙✜✢✚✩✖✗✦✚✛✜♦
✜✢✚✗✚t★✚✗✜✘
         ❦❦q❧♥r♥❧✉ ❧♥ ♣✈♣♣
           ①②③④⑤✴✲✵❢❁✲✷⑩
          ✴❁✲❛✸✺✯       ⑥⑦⑧④❁✮✱✱✵✱✱✮②❢✴✮✱⑨✴✵✼❢✲✾  ✮✴❃✼✲✲✻✱⑤✴
          ❛✲✵✷       ✻✲❃✲❂✲ ✹✷✸✴❂✲✴✴✲✷✲❢✴✮✸✮✼✾✳ ✱✴✺✻✲✼✴✱
           ①✯✲✵✼ ❶✵ ❢♠♠✵✽✼✲✱✮
       ✭ ✵❂✸✺✴                      ✯ ✸✼✽           ✷✮❂❂✸✼✼✽
                                             ✺❂❃♠✷✺❂❂✮
           ✮❷✸✯✴ ❛✮✻✴❁✮✴ ✱✵✼✻✹✵✹✲✷✾
       ✭ ❸✺✷✼                ❛✮✴✼❁✽✵✵ ✹✵✮✱✹✮✷✷✮✴✸✳✯✵✴✸✼✽✱✾
          ❂✺✷✼✲✷       ✮✴   ✺✱✮
                          ✵✼✻❢✸✯        ✯✲❢✴   ✴❁    ♠✹ ✱✸✸✷
                                                   ✲✵✱❁
          ✳✸✷♠✲✻
          ✱❁✸❛✼           ✮  ✮✼❺✮✵✽✾❛✵✴❢❁❹✽✯
                             ✼         ❻✾  ❻✾  ❸✺✷✼ ✵✱✱✴❁✵✱✲
          ♠✵✽✼✲✱✮
          ✵✱✲❃✲✱✾  ✳✵✷ ✵✱✺♠✹✸✱✱✮✷✮❂❂✸✼❂✯✲ ✳✰✲✲✹✮ ✷✸♠ ✼❃✸✺✷✽ ✮✴ ●❍❏❑▲▼◆❖◆
       ✭ ❼❁✵✴ ✻✸ ❃✸✺ ✸❂✱✲✷⑨✲❽                                        ❱❡❚❫❬❚❙❙❯❱❲❳❩❳❯❙❬❭❚
                                                                     P◗❘❙❚    ❳❣❳❜❴✐❥❯❵❳❭❭◗❩❘❚❪❪❱❙❚❙ ❳❚❘ ❳❙❫❴❱❵❵❬❴❜❚❱❙❱❲❩❳❯❙❬❭❚◗❩
                              →✫✾ ✬✾✵✭ ✮✰✲✯ ✫✱✵✯✪✲✯✿ ✭✮✰✭ ✬✰✼✸✯✵✴✾✬ ✪✴✱✱✫✸ ✱✾✪✸✵ ✷✴✭✮ ✰
                           ✿✰➣➣✻✴✸✼ ✷✮✴✭✯ ✺✻✰✬✯ ✰✸✿ ✳✮✰✸✼✯✵ ✴✸✭✫ ✰ ✷✮✴✭✯ ✽✫✷✿✯✪❂ ❹✮✴✵ ✽✫✷✿✯✪ ✴✵
                           ✬✰✼✸✯✵✴✾✬ ✫❸✴✿✯❂ ❻✭ ✴✵ ✺✫✪✬✯✿ ✿✾✯ ✭✫ ✭✮✯ ✪✯✰✳✭✴✫✸ ✱✯✭✷✯✯✸ ✬✰✼✸✯✵✴✾✬
                           ✰✸✿ ✫❸✹✼✯✸ ✽✪✯✵✯✸✭ ✴✸ ✭✮✯ ✰✴✪❂


    ❝ t✞✟✞ t☎ ✆✝
   ❆❝         ✆✝✠                    ❆ ❝ t✞ ✟ t☎ ✆✝ ❄
                                         t✞✟✞

   ❁ ❚❅❇❈ ◆❈❅❲ ■❍◗▲❅◗❈             ❁ ❚❅❇❈ ❅ ❉❈❊ ●❍■❏ ❑▲❅■▼◆❈❖ ❍■ ❅ ❏P■❍❏❅◆ ❉◆❅❖❇ P▲ ❅ ◗❈❖◗ ◗▼❘❈❯
     ❖P◆▼◗❍P■ ❍■ ❅ ◗❈❖◗            ❁ ❱❲❲ ❲❍◆▼◗❈ ❳❨❲▲P❏❳◆P▲❍❏ ❅❏❍❲ P▲ ❖▼◆❩❳▼▲❍❏ ❅❏❍❲ ◗P ◗❳❍❖
     ◗▼❘❈❯                           ❬❭❍❑❯ ❪❯❫❴❯
   ❁ ❱❲❲ ❩P◗❅❖❖❍▼♣                   ❵❱❜❚❡❢❤❥ ❦❅■❲◆❈ ◗❳❈ ❅❏❍❲ ❊❍◗❳ ❏❅▲❈❯
     ❍P❲❍❲❈ ❖P◆▼◗❍P■               ❁ ❧P ❨ P▼ P❘❖❈▲♠❈ ❅■❨ ◗❳❍■❑ ❳❅❩❩❈■❍■❑ ❅▲P▼■❲ ◗❳❈ ●❍■❏
     ◗P ◗❳❍❖❯                        ❑▲❅■▼◆❈❖♥
   ❁ q❳❅◗ ❲P ❨ P▼                  ❁ ❚P▼❏❳ ◗❳❈ ❏P■❍❏❅◆ ❉◆❅❖❇ P▲ ◗❈❖◗ ◗▼❘❈❯ ❡❖ ◗❳❈▲❈ ❅■❨ ❏❳❅■❑❈ ❍■
     P❘❖❈▲♠❈♥                        ❍◗❖ ◗❈♣❩❈▲❅◗▼▲❈♥

                                           ✩✪✫✬ ✭✮✯ ✰✱✫✲✯ ✭✮✪✯✯ ✰✳✭✴✲✴✭✴✯✵✶ ✷✯ ✳✰✸ ✵✰✹ ✭✮✰✭ ✰✸✹ ✫✺
                                           ✭✮✯ ✺✫✻✻✫✷✴✸✼ ✫✱✵✯✪✲✰✭✴✫✸✵ ✮✯✻✽✵ ✾✵ ✭✫ ✿✯✭✯✪✬✴✸✯ ✷✮✯✭✮✯✪
                                           ✰ ✳✮✯✬✴✳✰✻ ✪✯✰✳✭✴✫✸ ✮✰✵ ✭✰❛✯✸ ✽✻✰✳✯ ❀

                                               ❁   ✳✮✰✸✼✯ ✴✸ ✵✭✰✭✯
                                               ❁   ✳✮✰✸✼✯ ✴✸ ✳✫✻✫✾✪
                                               ❁   ✯✲✫✻✾✭✴✫✸ ✫✺ ✰ ✼✰✵
                                               ❁   ✳✮✰✸✼✯ ✴✸ ✭✯✬✽✯✪✰✭✾✪✯❂

                                               ❃✵ ✷✯ ✫✱✵✯✪✲✯ ✭✮✯ ✳✮✰✸✼✯✵ ✰✪✫✾✸✿ ✾✵✶ ✷✯ ✳✰✸ ✵✯✯
                                           ✭✮✰✭ ✭✮✯✪✯ ✴✵ ✰ ✻✰✪✼✯ ✲✰✪✴✯✭✹ ✫✺ ✳✮✯✬✴✳✰✻ ✪✯✰✳✭✴✫✸✵ ✭✰❛✴✸✼
                                           ✽✻✰✳✯ ✰✪✫✾✸✿ ✾✵❂ ♦✯ ✷✴✻✻ ✵✭✾✿✹ ✰✱✫✾✭ ✭✮✯ ✲✰✪✴✫✾✵ ✭✹✽✯✵
                                           ✫✺ ✳✮✯✬✴✳✰✻ ✪✯✰✳✭✴✫✸✵ ✰✸✿ ✭✮✯✴✪ ✵✹✬✱✫✻✴✳ ✪✯✽✪✯✵✯✸✭✰✭✴✫✸
                                           ✴✸ ✭✮✴✵ ✐✮✰✽✭✯✪❂



❋✡☛☞✌✍ ✎✏✑                   s
                           r sr      ✈✇ ④⑤ ✉ ⑥⑦ ④⑨✇⑩❶⑧
                                   ✉ ✈✇①
                                ① ②✉                 ⑧
✒✓✔✕✖✗✘✓✙ ✓✚ ✛✜✢✔✓✣✤✙
                           ❃✳✭✴✲✴✭✹ ❷❂❷ ✳✰✸ ✱✯ ✿✯✵✳✪✴✱✯✿ ✰✵ ❀ ✷✮✯✸ ✰ ✬✰✼✸✯✵✴✾✬ ✪✴✱✱✫✸ ✴✵ ✱✾✪✸✭ ✴✸
✣✖❣ ✥✜ ✗✛✤ ✖✦✗✘✓✙ ✓✚
✢✘❞✧✗✤ ❣✧❞★✛✧✔✘✦ ✖✦✘✢ ✓✙   ✫❸✹✼✯✸✶ ✴✭ ✼✯✭✵ ✳✫✸✲✯✪✭✯✿ ✭✫ ✬✰✼✸✯✵✴✾✬ ✫❸✴✿✯❂ ❹✮✴✵ ✿✯✵✳✪✴✽✭✴✫✸ ✫✺ ✰
③✘✙✦                       ✳✮✯✬✴✳✰✻ ✪✯✰✳✭✴✫✸ ✴✸ ✰ ✵✯✸✭✯✸✳✯ ✺✫✪✬ ✴✵ ❺✾✴✭✯ ✻✫✸✼❂ ❻✭ ✳✰✸ ✱✯ ✷✪✴✭✭✯✸ ✴✸ ✰
                           ✵✮✫✪✭✯✪ ✺✫✪✬❂ ❹✮✯ ✵✴✬✽✻✯✵✭ ✷✰✹ ✭✫ ✿✫ ✭✮✴✵ ✴✵ ✭✫ ✷✪✴✭✯ ✴✭ ✴✸ ✭✮✯ ✺✫✪✬ ✫✺ ✰
                           ✷✫✪✿❼✯❺✾✰✭✴✫✸❂
                           ❹✮✯ ✷✫✪✿❼✯❺✾✰✭✴✫✸ ✺✫✪ ✭✮✯ ✰✱✫✲✯ ✪✯✰✳✭✴✫✸ ✷✫✾✻✿ ✱✯ ❀

                                 ❽✰✼✸✯✵✴✾✬ ❾ ❿❸✹✼✯✸         ➀ ❽✰✼✸✯✵✴✾✬ ✫❸✴✿✯                   ➁❷❂❷➂
                                        ➃➄➅➆➇➈➆➉➈➊➋              ➃➌➍➎➏➐➇➈➋

                               ❹✮✯ ✵✾✱✵✭✰✸✳✯✵ ✭✮✰✭ ✾✸✿✯✪✼✫ ✳✮✯✬✴✳✰✻ ✳✮✰✸✼✯ ✴✸ ✭✮✯ ✪✯✰✳✭✴✫✸ ➁❷❂❷➂✶
                           ✬✰✼✸✯✵✴✾✬ ✰✸✿ ✫❸✹✼✯✸✶ ✰✪✯ ✭✮✯ ✪✯✰✳✭✰✸✭✵❂ ❹✮✯ ✸✯✷ ✵✾✱✵✭✰✸✳✯✶
                           ✬✰✼✸✯✵✴✾✬ ✫❸✴✿✯✶ ✺✫✪✬✯✿ ✿✾✪✴✸✼ ✭✮✯ ✪✯✰✳✭✴✫✸✶ ✴✵ ✭✮✯ ✽✪✫✿✾✳✭❂
                               ❃ ✷✫✪✿❼✯❺✾✰✭✴✫✸ ✵✮✫✷✵ ✳✮✰✸✼✯ ✫✺ ✪✯✰✳✭✰✸✭✵ ✭✫ ✽✪✫✿✾✳✭✵ ✭✮✪✫✾✼✮ ✰✸
                           ✰✪✪✫✷ ✽✻✰✳✯✿ ✱✯✭✷✯✯✸ ✭✮✯✬❂ ❹✮✯ ✪✯✰✳✭✰✸✭✵ ✰✪✯ ✷✪✴✭✭✯✸ ✫✸ ✭✮✯ ✻✯✺✭❼✮✰✸✿
                           ✵✴✿✯ ➁➑➒➓➂ ✷✴✭✮ ✰ ✽✻✾✵ ✵✴✼✸ ➁❾➂ ✱✯✭✷✯✯✸ ✭✮✯✬❂ ➓✴✬✴✻✰✪✻✹✶ ✽✪✫✿✾✳✭✵ ✰✪✯
                           ✷✪✴✭✭✯✸ ✫✸ ✭✮✯ ✪✴✼✮✭❼✮✰✸✿ ✵✴✿✯ ➁➔➒➓➂ ✷✴✭✮ ✰ ✽✻✾✵ ✵✴✼✸ ➁❾➂ ✱✯✭✷✯✯✸ ✭✮✯✬❂
                           ❹✮✯ ✰✪✪✫✷✮✯✰✿ ✽✫✴✸✭✵ ✭✫✷✰✪✿✵ ✭✮✯ ✽✪✫✿✾✳✭✵✶ ✰✸✿ ✵✮✫✷✵ ✭✮✯ ✿✴✪✯✳✭✴✫✸ ✫✺
                           ✭✮✯ ✪✯✰✳✭✴✫✸❂



  2                                                                                          ❙ ✁✂✄ ✂
✶✏✶✏✶ ✑r✒✓✒✔✕ ✖ ✗✘✙✚✒✛✖✜ ✢✣✤✖✓✒✥✔
■✦ ✧★✩✪✩ ✫✬✭ ✮✧★✩✪ ✦★✮✪✧✩✪ ✯✫✭ ✰✮✪ ✪✩✱✪✩✦✩✬✧✲✬✳ ✴★✩✵✲✴✫✷ ✩✸✹✫✧✲✮✬✦✺
✻★✩✵✲✴✫✷ ✩✸✹✫✧✲✮✬✦ ✴✫✬ ✼✩ ✵✫✽✩ ✵✮✪✩ ✴✮✬✴✲✦✩ ✫✬✽ ✹✦✩✰✹✷ ✲✰ ✯✩ ✹✦✩
✴★✩✵✲✴✫✷ ✰✮✪✵✹✷✫✩ ✲✬✦✧✩✫✽ ✮✰ ✯✮✪✽✦❝ ✾ ✴★✩✵✲✴✫✷ ✩✸✹✫✧✲✮✬ ✪✩✱✪✩✦✩✬✧✦ ✫
✴★✩✵✲✴✫✷ ✪✩✫✴✧✲✮✬❝ ■✰ ✭✮✹ ✪✩✴✫✷✷ ✰✮✪✵✹✷✫✩ ✮✰ ✵✫✳✬✩✦✲✹✵✿ ✮❀✭✳✩✬ ✫✬✽
✵✫✳✬✩✦✲✹✵ ✮❀✲✽✩✿ ✧★✩ ✫✼✮♠✩ ✯✮✪✽❁✩✸✹✫✧✲✮✬ ✴✫✬ ✼✩ ✯✪✲✧✧✩✬ ✫✦ ❂
      ▼✳ ❃ ❄❅ ❆ ▼✳❄                                                   ❇❉❝❊❋
    ✻✮✹✬✧ ✫✬✽ ✴✮✵✱✫✪✩ ✧★✩ ✬✹✵✼✩✪ ✮✰ ✫✧✮✵✦ ✮✰ ✩✫✴★ ✩✷✩✵✩✬✧ ✮✬ ✧★✩
▲●❍ ✫✬✽ ❏●❍ ✮✰ ✧★✩ ✫✪✪✮✯❝ ■✦ ✧★✩ ✬✹✵✼✩✪ ✮✰ ✫✧✮✵✦ ✮✰ ✩✫✴★ ✩✷✩✵✩✬✧ ✧★✩
✦✫✵✩ ✮✬ ✼✮✧★ ✧★✩ ✦✲✽✩✦✺ ■✰ ✬✮✧✿ ✧★✩✬ ✧★✩ ✩✸✹✫✧✲✮✬ ✲✦ ✹✬✼✫✷✫✬✴✩✽ ✼✩✴✫✹✦✩
✧★✩ ✵✫✦✦ ✲✦ ✬✮✧ ✧★✩ ✦✫✵✩ ✮✬ ✼✮✧★ ✦✲✽✩✦ ✮✰ ✧★✩ ✩✸✹✫✧✲✮✬❝ ❍✹✴★ ✫ ✴★✩✵✲✴✫✷
✩✸✹✫✧✲✮✬ ✲✦ ✫ ✦❡✩✷✩✧✫✷ ✴★✩✵✲✴✫✷ ✩✸✹✫✧✲✮✬ ✰✮✪ ✫ ✪✩✫✴✧✲✮✬❝ ❑✸✹✫✧✲✮✬ ❇❉❝❊❋ ✲✦
✫ ✦❡✩✷✩✧✫✷ ✴★✩✵✲✴✫✷ ✩✸✹✫✧✲✮✬ ✰✮✪ ✧★✩ ✼✹✪✬✲✬✳ ✮✰ ✵✫✳✬✩✦✲✹✵ ✲✬ ✫✲✪❝

✶✏✶✏◆ ❖✖✜✖✔✛✙P ✗✘✙✚✒✛✖✜ ✢✣✤✖✓✒✥✔◗
❏✩✴✫✷✷ ✧★✩ ✷✫✯ ✮✰ ✴✮✬✦✩✪♠✫✧✲✮✬ ✮✰ ✵✫✦✦ ✧★✫✧ ✭✮✹ ✦✧✹✽✲✩✽ ✲✬ ✻✷✫✦✦ ■❘❙ ✵✫✦✦
✴✫✬ ✬✩✲✧★✩✪ ✼✩ ✴✪✩✫✧✩✽ ✬✮✪ ✽✩✦✧✪✮✭✩✽ ✲✬ ✫ ✴★✩✵✲✴✫✷ ✪✩✫✴✧✲✮✬❝ ❚★✫✧ ✲✦✿ ✧★✩
✧✮✧✫✷ ✵✫✦✦ ✮✰ ✧★✩ ✩✷✩✵✩✬✧✦ ✱✪✩✦✩✬✧ ✲✬ ✧★✩ ✱✪✮✽✹✴✧✦ ✮✰ ✫ ✴★✩✵✲✴✫✷ ✪✩✫✴✧✲✮✬
★✫✦ ✧✮ ✼✩ ✩✸✹✫✷ ✧✮ ✧★✩ ✧✮✧✫✷ ✵✫✦✦ ✮✰ ✧★✩ ✩✷✩✵✩✬✧✦ ✱✪✩✦✩✬✧ ✲✬ ✧★✩ ✪✩✫✴✧✫✬✧✦❝
    ■✬ ✮✧★✩✪ ✯✮✪✽✦✿ ✧★✩ ✬✹✵✼✩✪ ✮✰ ✫✧✮✵✦ ✮✰ ✩✫✴★ ✩✷✩✵✩✬✧ ✪✩✵✫✲✬✦ ✧★✩
✦✫✵✩✿ ✼✩✰✮✪✩ ✫✬✽ ✫✰✧✩✪ ✫ ✴★✩✵✲✴✫✷ ✪✩✫✴✧✲✮✬❝ ●✩✬✴✩✿ ✯✩ ✬✩✩✽ ✧✮ ✼✫✷✫✬✴✩ ✫
✦❡✩✷✩✧✫✷ ✴★✩✵✲✴✫✷ ✩✸✹✫✧✲✮✬❝ ■✦ ✧★✩ ✴★✩✵✲✴✫✷ ❑✸❝ ❇❉❝❊❋ ✼✫✷✫✬✴✩✽✺ ▲✩✧ ✹✦
✷✩✫✪✬ ✫✼✮✹✧ ✼✫✷✫✬✴✲✬✳ ✫ ✴★✩✵✲✴✫✷ ✩✸✹✫✧✲✮✬ ✦✧✩✱ ✼✭ ✦✧✩✱❝
    ❚★✩ ✯✮✪✽❁✩✸✹✫✧✲✮✬ ✰✮✪ ✾✴✧✲♠✲✧✭ ❉❝❯ ✵✫✭ ✼✩ ✪✩✱✪✩✦✩✬✧✩✽ ✫✦ ❂
    ❩✲✬✴ ❃ ❍✹✷✱★✹✪✲✴ ✫✴✲✽ ❆ ❩✲✬✴ ✦✹✷✱★✫✧✩ ❃ ●✭✽✪✮✳✩✬
   ❚★✩ ✫✼✮♠✩ ✯✮✪✽❁✩✸✹✫✧✲✮✬ ✵✫✭ ✼✩ ✪✩✱✪✩✦✩✬✧✩✽ ✼✭ ✧★✩ ✰✮✷✷✮✯✲✬✳
✴★✩✵✲✴✫✷ ✩✸✹✫✧✲✮✬ ❂
    ❩✬ ❃ ●❅❍❄❱ ❆ ❩✬❍❄❱ ❃ ●❅                                           ❇❉❝❯❋
    ▲✩✧ ✹✦ ✩❀✫✵✲✬✩ ✧★✩ ✬✹✵✼✩✪ ✮✰ ✫✧✮✵✦ ✮✰ ✽✲✰✰✩✪✩✬✧ ✩✷✩✵✩✬✧✦ ✮✬ ✼✮✧★
✦✲✽✩✦ ✮✰ ✧★✩ ✫✪✪✮✯❝

 ❲❳❨❬❨❭❪       ❫❴❬❵❨❛ ❜❞ ❢❪❜❬❣ ❤❭       ❫❴❬❵❨❛ ❜❞ ❢❪❜❬❣
                 ❛❨❢✐❪❢❭❪❣ ❥❦❧♥♦        ❤❭ ♣❛❜q❴✐❪❣ ❥s❧♥♦
    t✉                    ✈                      ✈
    ✇                     ①                      ①
    ②                     ✈                      ✈
    ③                     ④                      ④

    ✾✦ ✧★✩ ✬✹✵✼✩✪ ✮✰ ✫✧✮✵✦ ✮✰ ✩✫✴★ ✩✷✩✵✩✬✧ ✲✦ ✧★✩ ✦✫✵✩ ✮✬ ✼✮✧★ ✦✲✽✩✦ ✮✰
✧★✩ ✫✪✪✮✯✿ ❑✸❝ ❇❉❝❯❋ ✲✦ ✫ ✼✫✷✫✬✴✩✽ ✴★✩✵✲✴✫✷ ✩✸✹✫✧✲✮✬❝
    ▲✩✧ ✹✦ ✧✪✭ ✧✮ ✼✫✷✫✬✴✩ ✧★✩ ✰✮✷✷✮✯✲✬✳ ✴★✩✵✲✴✫✷ ✩✸✹✫✧✲✮✬ ❂
    ⑤✩ ❃ ●❅❄ ❆ ⑤✩⑥❄❱ ❃ ●❅                                            ❇❉❝⑦❋


❈ ✁✂✄☎✆✝ ✞✁✆☎✟✄✠✡☛ ✆✡☞ ✌✍✎✆✟✄✠✡☛                                              3
    ☎✆✝✞ ✟✠ ❚✡ ☛☞✌☞✍✎✏ ☞ ✎✑✏✒✓✎☞✌ ✏✔✕☞✖✓✡✍✗ ✘✓✙✚✖ ✛✙☞✜ ☛✡✢✏✚ ☞✙✡✕✍✛ ✏☞✎✑
    ✘✡✙✒✕✌☞❢ ✣✡ ✍✡✖ ✎✑☞✍✤✏ ☞✍✥✖✑✓✍✤ ✓✍✚✓✛✏ ✖✑✏ ☛✡✢✏✚ ✜✑✓✌✏ ☛☞✌☞✍✎✓✍✤ ✖✑✏
    ✏✔✕☞✖✓✡✍❢

       ❋✏ ✦ ✧✷❖ ★ ❋✏✸❖ ✹ ✦ ✧✷                                             ✭✩❢✪✫

    ☎✆✝✞ ✟✟✠ ✬✓✚✖ ✖✑✏ ✍✕✒☛✏✙ ✡✘ ☞✖✡✒✚ ✡✘ ✛✓✘✘✏✙✏✍✖ ✏✌✏✒✏✍✖✚ ✮✙✏✚✏✍✖ ✓✍ ✖✑✏
    ✕✍☛☞✌☞✍✎✏✛ ✏✔✕☞✖✓✡✍ ✭✩❢✪✫❢

       ❊✯✰✱✰✲✳              ◆✴✱✵✰✶ ✺✻ ✼✳✺✱✽          ◆✴✱✵✰✶ ✺✻ ✼✳✺✱✽
                           ✐✲ ✶✰✼✾✳✼✲✳✽ ✿❀❁❂❃        ✐✲ ♣✶✺❄✴✾✳✽ ✿❅❁❂❃
            ❆❇                          ❈                     ❉
            ❍                           ●                     ●
            ■                           ❈                     ❏

    ☎✆✝✞ ✟✟✟✠ ❯✖ ✓✚ ✡✘✖✏✍ ✎✡✍❝✏✍✓✏✍✖ ✖✡ ✚✖☞✙✖ ☛☞✌☞✍✎✓✍✤ ✜✓✖✑ ✖✑✏ ✎✡✒✮✡✕✍✛
    ✖✑☞✖ ✎✡✍✖☞✓✍✚ ✖✑✏ ✒☞✢✓✒✕✒ ✍✕✒☛✏✙ ✡✘ ☞✖✡✒✚❢ ❯✖ ✒☞✥ ☛✏ ☞ ✙✏☞✎✖☞✍✖ ✡✙ ☞
    ✮✙✡✛✕✎✖❢ ❯✍ ✖✑☞✖ ✎✡✒✮✡✕✍✛✗ ✚✏✌✏✎✖ ✖✑✏ ✏✌✏✒✏✍✖ ✜✑✓✎✑ ✑☞✚ ✖✑✏ ✒☞✢✓✒✕✒
    ✍✕✒☛✏✙ ✡✘ ☞✖✡✒✚❢ ♥✚✓✍✤ ✖✑✏✚✏ ✎✙✓✖✏✙✓☞✗ ✜✏ ✚✏✌✏✎✖ ❋✏✸❖ ✹ ☞✍✛ ✖✑✏ ✏✌✏✒✏✍✖
    ✡✢✥✤✏✍ ✓✍ ✓✖❢ ❚✑✏✙✏ ☞✙✏ ✘✡✕✙ ✡✢✥✤✏✍ ☞✖✡✒✚ ✡✍ ✖✑✏ ♦✧❘ ☞✍✛ ✡✍✌✥ ✡✍✏ ✡✍
    ✖✑✏ ✬✧❘❢
        ❚✡ ☛☞✌☞✍✎✏ ✖✑✏ ✡✢✥✤✏✍ ☞✖✡✒✚ ❹

       ❱✳✺✱✽ ✺✻                ❲✲ ✶✰✼✾✳✼✲✳✽              ❲✲ ♣✶✺❄✴✾✳✽
        ✺❳❨❩✰✲

      ❬❭❪ ❫❴❭❵❭❛❜               ❈ ❬❭❴ ❍❞■❪               ❏ ❬❭❴ ❆❇❣■❤❪
     ❬❭❭❪ ❥❦ ❧❛❜❛❴♠❇                ❈×❏                        ❏

         ❚✡ ✏✔✕☞✌✓✚✏ ✖✑✏ ✍✕✒☛✏✙ ✡✘ ☞✖✡✒✚✗ ✓✖ ✒✕✚✖ ☛✏ ✙✏✒✏✒☛✏✙✏✛ ✖✑☞✖ ✜✏
    ✎☞✍✍✡✖ ☞✌✖✏✙ ✖✑✏ ✘✡✙✒✕✌☞✏ ✡✘ ✖✑✏ ✎✡✒✮✡✕✍✛✚ ✡✙ ✏✌✏✒✏✍✖✚ ✓✍❝✡✌❝✏✛ ✓✍ ✖✑✏
    ✙✏☞✎✖✓✡✍✚❢ ❋✡✙ ✏✢☞✒✮✌✏✗ ✖✡ ☛☞✌☞✍✎✏ ✡✢✥✤✏✍ ☞✖✡✒✚ ✜✏ ✎☞✍ ✮✕✖ ✎✡✏✘✘✓✎✓✏✍✖
    ➃❑▲ ☞✚ ❑ ✧✷❖ ☞✍✛ ✍✡✖ ✧✷❖ ✹ ✡✙ ✭✧✷❖✫✹❢ ▼✡✜ ✖✑✏ ✮☞✙✖✌✥ ☛☞✌☞✍✎✏✛ ✏✔✕☞✖✓✡✍
    ☛✏✎✡✒✏✚ ❹
                                                                         ✭✩❢s✫
      ❋✏ ✦ ❑ ✧✷❖ ★ ❋✏✸❖ ✹ ✦ ✧✷
                                                    t✉✈✇①②③ ④✈②✈⑤⑥⑦⑧ ⑦⑨⑩✈①❶❷⑤❸

    ☎✆✝✞ ✟P✠ ❋✏ ☞✍✛ ✧ ☞✖✡✒✚ ☞✙✏ ✚✖✓✌✌ ✍✡✖ ☛☞✌☞✍✎✏✛❢ ❡✓✎◗ ☞✍✥ ✡✘ ✖✑✏✚✏ ✏✌✏✒✏✍✖✚
    ✖✡ ✮✙✡✎✏✏✛ ✘✕✙✖✑✏✙❢ ✬✏✖ ✕✚ ☛☞✌☞✍✎✏ ✑✥✛✙✡✤✏✍ ☞✖✡✒✚ ✓✍ ✖✑✏ ✮☞✙✖✌✥ ☛☞✌☞✍✎✏✛
    ✏✔✕☞✖✓✡✍❢
        ❚✡ ✏✔✕☞✌✓✚✏ ✖✑✏ ✍✕✒☛✏✙ ✡✘ ✧ ☞✖✡✒✚✗ ✒☞◗✏ ✖✑✏ ✍✕✒☛✏✙ ✡✘ ✒✡✌✏✎✕✌✏✚
    ✡✘ ✑✥✛✙✡✤✏✍ ☞✚ ✘✡✕✙ ✡✍ ✖✑✏ ♦✧❘❢

       ❱✳✺✱✽ ✺✻                    ❲✲ ✶✰✼✾✳✼✲✳✽          ❲✲ ♣✶✺❄✴✾✳✽
       q❨❄✶✺❩✰✲

      ❬❭❪ ❫❴❭❵❭❛❜                  r ❬❭❴ ❏ ❍❞■❪           ● ❬❭❴ ❍❞❪
     ❬❭❭❪ ❥❦ ❧❛❜❛❴♠❇                     r                 ●×❏


       ❚✑✏ ✏✔✕☞✖✓✡✍ ✜✡✕✌✛ ☛✏ ❹
                                                                           ✭✩❢❺✫
     ❋✏ ✦   ❑ ✧✷ ❖ ★      ❋✏✸❖ ✹    ✦   ❑ ✧✷          t✉✈✇①②③ ④✈②✈⑤⑥⑦⑧ ⑦⑨⑩✈①❶❷⑤❸



4                                                                       ❙ ✁✂✄ ✂
